// Vitest Snapshot v1, https://vitest.dev/guide/snapshot.html

exports[`CharacterCard > matches snapshot 1`] = `
<DocumentFragment>
  <script
    nonce=""
  >
    ((e,i,s,u,m,a,l,h)=&gt;{let d=document.documentElement,w=["light","dark"];function p(n){(Array.isArray(e)?e:[e]).forEach(y=&gt;{let k=y==="class",S=k&&a?m.map(f=&gt;a[f]||f):m;k?(d.classList.remove(...S),d.classList.add(a&&a[n]?a[n]:n)):d.setAttribute(y,n)}),R(n)}function R(n){h&&w.includes(n)&&(d.style.colorScheme=n)}function c(){return window.matchMedia("(prefers-color-scheme: dark)").matches?"dark":"light"}if(u)p(u);else try{let n=localStorage.getItem(i)||s,y=l&&n==="system"?c():n;p(y)}catch(n){}})("class","theme","system",null,["light","dark"],null,true,true)
  </script>
  <article
    class="chakra-linkbox css-14g7ltz"
  >
    <a
      href="/characters/1"
    >
      <div
        class="css-10zhkx9"
      >
        <div
          class="chakra-avatar__root css-pckxl"
          data-part="root"
          data-scope="avatar"
          dir="ltr"
          id="avatar:«r1»"
          name="Jaya Surya"
        >
          <span
            class="chakra-avatar__fallback css-1cuxwyn"
            data-part="fallback"
            data-scope="avatar"
            data-state="visible"
            dir="ltr"
            id="avatar:«r1»:fallback"
          >
            <svg
              class="css-1dklkmj"
              viewBox="0 0 24 24"
            >
              <path
                d="M20 22H18V20C18 18.3431 16.6569 17 15 17H9C7.34315 17 6 18.3431 6 20V22H4V20C4 17.2386 6.23858 15 9 15H15C17.7614 15 20 17.2386 20 20V22ZM12 13C8.68629 13 6 10.3137 6 7C6 3.68629 8.68629 1 12 1C15.3137 1 18 3.68629 18 7C18 10.3137 15.3137 13 12 13ZM12 11C14.2091 11 16 9.20914 16 7C16 4.79086 14.2091 3 12 3C9.79086 3 8 4.79086 8 7C8 9.20914 9.79086 11 12 11Z"
              />
            </svg>
          </span>
          <img
            class="chakra-avatar__image css-1odw0y2"
            data-part="image"
            data-scope="avatar"
            data-state="hidden"
            dir="ltr"
            draggable="false"
            hidden=""
            id="avatar:«r1»:image"
            referrerpolicy="no-referrer"
          />
        </div>
        <div
          class="chakra-stack css-8g8ihq"
          spacing="1"
        >
          <h3
            class="chakra-heading css-9nm8pf"
          >
            Jaya Surya
          </h3>
          <p
            class="css-v0otzr"
          >
            Male
          </p>
          <p
            class="css-v0otzr"
          >
            Earth
          </p>
        </div>
      </div>
    </a>
  </article>
</DocumentFragment>
`;
